mode: set
github.com/arran4/golang-ical/calendar.go:78.56,80.12 1 0
github.com/arran4/golang-ical/calendar.go:81.59,82.19 1 0
github.com/arran4/golang-ical/calendar.go:83.16,84.15 1 0
github.com/arran4/golang-ical/calendar.go:86.32,87.24 1 0
github.com/arran4/golang-ical/calendar.go:88.16,89.50 1 0
github.com/arran4/golang-ical/calendar.go:92.2,92.14 1 0
github.com/arran4/golang-ical/calendar.go:98.72,100.12 1 0
github.com/arran4/golang-ical/calendar.go:101.30,102.24 1 0
github.com/arran4/golang-ical/calendar.go:103.16,104.48 1 0
github.com/arran4/golang-ical/calendar.go:104.48,106.5 1 0
github.com/arran4/golang-ical/calendar.go:108.33,109.24 1 0
github.com/arran4/golang-ical/calendar.go:110.16,111.45 1 0
github.com/arran4/golang-ical/calendar.go:111.45,113.5 1 0
github.com/arran4/golang-ical/calendar.go:116.2,116.12 1 0
github.com/arran4/golang-ical/calendar.go:121.56,123.12 1 0
github.com/arran4/golang-ical/calendar.go:127.55,128.19 1 0
github.com/arran4/golang-ical/calendar.go:129.16,130.15 1 0
github.com/arran4/golang-ical/calendar.go:133.2,133.14 1 0
github.com/arran4/golang-ical/calendar.go:138.56,140.12 1 0
github.com/arran4/golang-ical/calendar.go:147.54,148.19 1 0
github.com/arran4/golang-ical/calendar.go:149.16,150.15 1 0
github.com/arran4/golang-ical/calendar.go:153.2,153.14 1 0
github.com/arran4/golang-ical/calendar.go:158.56,160.12 1 0
github.com/arran4/golang-ical/calendar.go:163.54,164.19 1 0
github.com/arran4/golang-ical/calendar.go:165.16,166.15 1 0
github.com/arran4/golang-ical/calendar.go:169.2,169.14 1 0
github.com/arran4/golang-ical/calendar.go:172.60,174.2 1 0
github.com/arran4/golang-ical/calendar.go:241.36,242.11 1 1
github.com/arran4/golang-ical/calendar.go:243.23,244.14 1 0
github.com/arran4/golang-ical/calendar.go:246.2,246.14 1 1
github.com/arran4/golang-ical/calendar.go:301.75,303.2 1 0
github.com/arran4/golang-ical/calendar.go:326.77,328.2 1 0
github.com/arran4/golang-ical/calendar.go:343.70,345.2 1 0
github.com/arran4/golang-ical/calendar.go:364.75,366.2 1 0
github.com/arran4/golang-ical/calendar.go:425.30,431.2 2 1
github.com/arran4/golang-ical/calendar.go:433.47,439.2 2 0
github.com/arran4/golang-ical/calendar.go:441.51,446.2 3 1
github.com/arran4/golang-ical/calendar.go:451.65,453.16 2 1
github.com/arran4/golang-ical/calendar.go:453.16,455.3 1 0
github.com/arran4/golang-ical/calendar.go:456.2,457.43 2 1
github.com/arran4/golang-ical/calendar.go:457.43,459.17 2 1
github.com/arran4/golang-ical/calendar.go:459.17,461.4 1 0
github.com/arran4/golang-ical/calendar.go:463.2,463.35 1 1
github.com/arran4/golang-ical/calendar.go:463.35,465.17 2 1
github.com/arran4/golang-ical/calendar.go:465.17,467.4 1 0
github.com/arran4/golang-ical/calendar.go:469.2,470.12 2 1
github.com/arran4/golang-ical/calendar.go:483.72,485.27 2 1
github.com/arran4/golang-ical/calendar.go:485.27,486.26 1 1
github.com/arran4/golang-ical/calendar.go:487.23,488.39 1 1
github.com/arran4/golang-ical/calendar.go:489.20,490.40 1 1
github.com/arran4/golang-ical/calendar.go:491.28,492.17 1 1
github.com/arran4/golang-ical/calendar.go:492.17,493.47 1 1
github.com/arran4/golang-ical/calendar.go:493.47,495.6 1 0
github.com/arran4/golang-ical/calendar.go:497.36,498.18 1 0
github.com/arran4/golang-ical/calendar.go:499.36,500.39 1 0
github.com/arran4/golang-ical/calendar.go:501.44,502.68 1 0
github.com/arran4/golang-ical/calendar.go:503.14,504.18 1 0
github.com/arran4/golang-ical/calendar.go:505.11,506.65 1 1
github.com/arran4/golang-ical/calendar.go:509.2,509.29 1 1
github.com/arran4/golang-ical/calendar.go:512.64,519.2 2 1
github.com/arran4/golang-ical/calendar.go:522.60,523.33 1 1
github.com/arran4/golang-ical/calendar.go:523.33,526.3 2 1
github.com/arran4/golang-ical/calendar.go:531.47,533.2 1 1
github.com/arran4/golang-ical/calendar.go:536.94,537.51 1 1
github.com/arran4/golang-ical/calendar.go:537.51,540.3 2 1
github.com/arran4/golang-ical/calendar.go:545.71,547.2 1 1
github.com/arran4/golang-ical/calendar.go:564.76,566.2 1 0
github.com/arran4/golang-ical/calendar.go:568.78,570.2 1 0
github.com/arran4/golang-ical/calendar.go:572.72,574.2 1 1
github.com/arran4/golang-ical/calendar.go:576.74,578.2 1 1
github.com/arran4/golang-ical/calendar.go:580.69,583.2 2 0
github.com/arran4/golang-ical/calendar.go:585.70,587.2 1 0
github.com/arran4/golang-ical/calendar.go:589.84,591.2 1 0
github.com/arran4/golang-ical/calendar.go:593.84,595.2 1 0
github.com/arran4/golang-ical/calendar.go:597.98,599.2 1 0
github.com/arran4/golang-ical/calendar.go:601.75,603.2 1 0
github.com/arran4/golang-ical/calendar.go:605.75,607.2 1 0
github.com/arran4/golang-ical/calendar.go:609.76,611.2 1 0
github.com/arran4/golang-ical/calendar.go:613.73,615.2 1 0
github.com/arran4/golang-ical/calendar.go:617.76,619.2 1 1
github.com/arran4/golang-ical/calendar.go:621.80,623.2 1 0
github.com/arran4/golang-ical/calendar.go:625.80,627.2 1 0
github.com/arran4/golang-ical/calendar.go:629.73,631.2 1 0
github.com/arran4/golang-ical/calendar.go:633.68,635.2 1 0
github.com/arran4/golang-ical/calendar.go:637.69,639.2 1 0
github.com/arran4/golang-ical/calendar.go:641.75,643.2 1 0
github.com/arran4/golang-ical/calendar.go:645.52,647.31 2 1
github.com/arran4/golang-ical/calendar.go:647.31,649.3 1 1
github.com/arran4/golang-ical/calendar.go:650.2,650.31 1 1
github.com/arran4/golang-ical/calendar.go:650.31,652.3 1 1
github.com/arran4/golang-ical/calendar.go:653.2,653.13 1 1
github.com/arran4/golang-ical/calendar.go:656.48,657.14 1 1
github.com/arran4/golang-ical/calendar.go:657.14,659.3 1 0
github.com/arran4/golang-ical/calendar.go:660.2,660.31 1 1
github.com/arran4/golang-ical/calendar.go:660.31,661.49 1 0
github.com/arran4/golang-ical/calendar.go:661.49,662.88 1 0
github.com/arran4/golang-ical/calendar.go:662.88,664.5 1 0
github.com/arran4/golang-ical/calendar.go:667.2,667.44 1 1
github.com/arran4/golang-ical/calendar.go:670.71,671.40 1 1
github.com/arran4/golang-ical/calendar.go:671.40,672.62 1 1
github.com/arran4/golang-ical/calendar.go:672.62,674.4 1 1
github.com/arran4/golang-ical/calendar.go:676.2,676.12 1 1
github.com/arran4/golang-ical/calendar.go:679.51,681.2 1 1
github.com/arran4/golang-ical/calendar.go:683.48,685.14 2 1
github.com/arran4/golang-ical/calendar.go:685.14,687.3 1 0
github.com/arran4/golang-ical/calendar.go:688.2,688.16 1 1
github.com/arran4/golang-ical/calendar.go:691.65,693.2 1 1
github.com/arran4/golang-ical/calendar.go:695.62,697.14 2 0
github.com/arran4/golang-ical/calendar.go:697.14,699.3 1 0
github.com/arran4/golang-ical/calendar.go:700.2,700.16 1 0
github.com/arran4/golang-ical/calendar.go:703.75,705.14 2 1
github.com/arran4/golang-ical/calendar.go:705.14,707.3 1 0
github.com/arran4/golang-ical/calendar.go:708.2,708.28 1 1
github.com/arran4/golang-ical/calendar.go:711.96,712.40 1 1
github.com/arran4/golang-ical/calendar.go:712.40,713.62 1 1
github.com/arran4/golang-ical/calendar.go:713.62,716.29 3 0
github.com/arran4/golang-ical/calendar.go:716.29,719.5 2 0
github.com/arran4/golang-ical/calendar.go:720.4,720.10 1 0
github.com/arran4/golang-ical/calendar.go:723.2,730.27 2 1
github.com/arran4/golang-ical/calendar.go:730.27,733.3 2 0
github.com/arran4/golang-ical/calendar.go:734.2,734.60 1 1
github.com/arran4/golang-ical/calendar.go:737.55,741.2 3 1
github.com/arran4/golang-ical/calendar.go:743.48,745.2 1 0
github.com/arran4/golang-ical/calendar.go:747.50,749.37 2 1
github.com/arran4/golang-ical/calendar.go:749.37,750.49 1 1
github.com/arran4/golang-ical/calendar.go:751.16,752.24 1 1
github.com/arran4/golang-ical/calendar.go:755.2,755.8 1 1
github.com/arran4/golang-ical/calendar.go:758.50,759.37 1 0
github.com/arran4/golang-ical/calendar.go:759.37,760.49 1 0
github.com/arran4/golang-ical/calendar.go:761.16,762.24 1 0
github.com/arran4/golang-ical/calendar.go:762.24,763.39 1 0
github.com/arran4/golang-ical/calendar.go:763.39,765.6 1 0
github.com/arran4/golang-ical/calendar.go:765.11,767.6 1 0
github.com/arran4/golang-ical/calendar.go:768.5,768.11 1 0
github.com/arran4/golang-ical/calendar.go:774.57,776.2 1 0
github.com/arran4/golang-ical/calendar.go:778.61,780.2 1 0
github.com/arran4/golang-ical/calendar.go:782.71,787.27 5 1
github.com/arran4/golang-ical/calendar.go:787.27,788.28 1 1
github.com/arran4/golang-ical/calendar.go:789.21,790.16 1 0
github.com/arran4/golang-ical/calendar.go:791.23,792.16 1 1
github.com/arran4/golang-ical/calendar.go:793.28,794.18 1 0
github.com/arran4/golang-ical/calendar.go:795.22,796.13 1 0
github.com/arran4/golang-ical/calendar.go:797.29,798.15 1 0
github.com/arran4/golang-ical/calendar.go:799.24,800.13 1 0
github.com/arran4/golang-ical/calendar.go:801.31,802.15 1 0
github.com/arran4/golang-ical/calendar.go:803.20,804.38 1 0
github.com/arran4/golang-ical/calendar.go:805.23,806.38 1 0
github.com/arran4/golang-ical/calendar.go:807.23,808.38 1 0
github.com/arran4/golang-ical/calendar.go:809.49,810.38 1 0
github.com/arran4/golang-ical/calendar.go:811.23,812.38 1 0
github.com/arran4/golang-ical/calendar.go:813.36,814.38 1 0
github.com/arran4/golang-ical/calendar.go:815.11,816.64 1 1
github.com/arran4/golang-ical/calendar.go:819.2,819.16 1 1
github.com/arran4/golang-ical/calendar.go:819.16,821.3 1 1
github.com/arran4/golang-ical/calendar.go:822.2,822.16 1 1
github.com/arran4/golang-ical/calendar.go:822.16,825.17 3 1
github.com/arran4/golang-ical/calendar.go:825.17,827.4 1 0
github.com/arran4/golang-ical/calendar.go:829.2,829.64 1 1
github.com/arran4/golang-ical/calendar.go:836.113,838.16 2 1
github.com/arran4/golang-ical/calendar.go:838.16,840.3 1 0
github.com/arran4/golang-ical/calendar.go:841.2,841.35 1 1
github.com/arran4/golang-ical/calendar.go:841.35,842.56 1 1
github.com/arran4/golang-ical/calendar.go:842.56,844.4 1 0
github.com/arran4/golang-ical/calendar.go:846.2,849.17 3 1
github.com/arran4/golang-ical/calendar.go:859.78,860.33 1 1
github.com/arran4/golang-ical/calendar.go:860.33,863.3 2 1
github.com/arran4/golang-ical/calendar.go:867.82,868.33 1 1
github.com/arran4/golang-ical/calendar.go:868.33,871.3 2 1
github.com/arran4/golang-ical/calendar.go:875.93,876.33 1 1
github.com/arran4/golang-ical/calendar.go:876.33,879.3 2 1
github.com/arran4/golang-ical/calendar.go:895.55,896.33 1 0
github.com/arran4/golang-ical/calendar.go:896.33,897.15 1 0
github.com/arran4/golang-ical/calendar.go:897.15,899.4 1 0
github.com/arran4/golang-ical/calendar.go:900.3,900.13 1 0
github.com/arran4/golang-ical/calendar.go:905.64,912.30 2 1
github.com/arran4/golang-ical/calendar.go:912.30,913.28 1 1
github.com/arran4/golang-ical/calendar.go:914.23,915.18 1 1
github.com/arran4/golang-ical/calendar.go:915.18,916.34 1 1
github.com/arran4/golang-ical/calendar.go:916.34,918.6 1 0
github.com/arran4/golang-ical/calendar.go:920.20,921.18 1 1
github.com/arran4/golang-ical/calendar.go:921.18,922.34 1 1
github.com/arran4/golang-ical/calendar.go:922.34,924.6 1 0
github.com/arran4/golang-ical/calendar.go:926.23,927.26 1 0
github.com/arran4/golang-ical/calendar.go:928.36,929.42 1 0
github.com/arran4/golang-ical/calendar.go:930.23,931.18 1 1
github.com/arran4/golang-ical/calendar.go:931.18,933.5 1 1
github.com/arran4/golang-ical/calendar.go:934.49,935.18 1 1
github.com/arran4/golang-ical/calendar.go:935.18,937.5 1 1
github.com/arran4/golang-ical/calendar.go:938.11,939.64 1 1
github.com/arran4/golang-ical/calendar.go:942.2,942.15 1 1
github.com/arran4/golang-ical/calendar.go:945.52,948.2 1 1
github.com/arran4/golang-ical/calendar.go:950.79,953.16 3 1
github.com/arran4/golang-ical/calendar.go:953.16,955.3 1 1
github.com/arran4/golang-ical/calendar.go:956.2,958.11 3 1
github.com/arran4/golang-ical/calendar.go:958.11,960.17 2 1
github.com/arran4/golang-ical/calendar.go:960.17,961.11 1 1
github.com/arran4/golang-ical/calendar.go:962.32,963.17 1 1
github.com/arran4/golang-ical/calendar.go:964.12,965.18 1 0
github.com/arran4/golang-ical/calendar.go:968.3,968.31 1 1
github.com/arran4/golang-ical/calendar.go:968.31,969.12 1 1
github.com/arran4/golang-ical/calendar.go:971.3,972.17 2 1
github.com/arran4/golang-ical/calendar.go:972.17,973.42 1 1
github.com/arran4/golang-ical/calendar.go:973.42,974.13 1 1
github.com/arran4/golang-ical/calendar.go:976.4,976.50 1 1
github.com/arran4/golang-ical/calendar.go:978.3,978.18 1 1
github.com/arran4/golang-ical/calendar.go:978.18,979.12 1 1
github.com/arran4/golang-ical/calendar.go:981.3,981.16 1 1
github.com/arran4/golang-ical/calendar.go:982.16,983.26 1 1
github.com/arran4/golang-ical/calendar.go:984.17,985.23 1 1
github.com/arran4/golang-ical/calendar.go:986.22,987.26 1 1
github.com/arran4/golang-ical/calendar.go:988.13,989.69 1 0
github.com/arran4/golang-ical/calendar.go:991.12,992.64 1 1
github.com/arran4/golang-ical/calendar.go:994.21,995.26 1 1
github.com/arran4/golang-ical/calendar.go:996.15,997.23 1 1
github.com/arran4/golang-ical/calendar.go:998.22,999.19 1 1
github.com/arran4/golang-ical/calendar.go:1000.13,1001.63 1 0
github.com/arran4/golang-ical/calendar.go:1003.17,1004.25 1 1
github.com/arran4/golang-ical/calendar.go:1005.484,1006.81 1 1
github.com/arran4/golang-ical/calendar.go:1007.12,1008.81 1 1
github.com/arran4/golang-ical/calendar.go:1010.4,1010.29 1 1
github.com/arran4/golang-ical/calendar.go:1010.29,1011.10 1 1
github.com/arran4/golang-ical/calendar.go:1013.4,1013.15 1 1
github.com/arran4/golang-ical/calendar.go:1014.21,1015.26 1 1
github.com/arran4/golang-ical/calendar.go:1016.15,1017.23 1 1
github.com/arran4/golang-ical/calendar.go:1018.22,1019.19 1 1
github.com/arran4/golang-ical/calendar.go:1020.13,1021.63 1 0
github.com/arran4/golang-ical/calendar.go:1023.17,1025.19 2 1
github.com/arran4/golang-ical/calendar.go:1025.19,1027.6 1 1
github.com/arran4/golang-ical/calendar.go:1028.5,1028.18 1 1
github.com/arran4/golang-ical/calendar.go:1028.18,1030.6 1 1
github.com/arran4/golang-ical/calendar.go:1031.12,1032.76 1 1
github.com/arran4/golang-ical/calendar.go:1032.76,1034.6 1 0
github.com/arran4/golang-ical/calendar.go:1036.14,1037.71 1 0
github.com/arran4/golang-ical/calendar.go:1038.11,1039.66 1 0
github.com/arran4/golang-ical/calendar.go:1042.2,1042.15 1 1
github.com/arran4/golang-ical/calendar.go:1047.88,1048.15 1 1
github.com/arran4/golang-ical/calendar.go:1049.20,1051.13 2 1
github.com/arran4/golang-ical/calendar.go:1052.10,1053.63 1 0
github.com/arran4/golang-ical/calendar.go:1057.97,1059.2 1 0
github.com/arran4/golang-ical/calendar.go:1067.53,1072.2 1 1
github.com/arran4/golang-ical/calendar.go:1074.65,1079.8 5 1
github.com/arran4/golang-ical/calendar.go:1079.8,1082.10 3 1
github.com/arran4/golang-ical/calendar.go:1083.20,1084.18 1 1
github.com/arran4/golang-ical/calendar.go:1084.18,1085.13 1 0
github.com/arran4/golang-ical/calendar.go:1086.10,1088.5 1 1
github.com/arran4/golang-ical/calendar.go:1089.28,1091.41 2 1
github.com/arran4/golang-ical/calendar.go:1091.41,1093.5 1 1
github.com/arran4/golang-ical/calendar.go:1094.4,1096.30 3 1
github.com/arran4/golang-ical/calendar.go:1096.30,1098.5 1 1
github.com/arran4/golang-ical/calendar.go:1099.4,1099.11 1 1
github.com/arran4/golang-ical/calendar.go:1100.21,1101.14 1 1
github.com/arran4/golang-ical/calendar.go:1102.37,1103.27 1 1
github.com/arran4/golang-ical/calendar.go:1104.12,1105.14 1 1
github.com/arran4/golang-ical/calendar.go:1107.11,1108.23 1 1
github.com/arran4/golang-ical/calendar.go:1110.3,1110.10 1 1
github.com/arran4/golang-ical/calendar.go:1111.19,1112.19 1 1
github.com/arran4/golang-ical/calendar.go:1112.19,1114.5 1 1
github.com/arran4/golang-ical/calendar.go:1115.31,1116.13 1 1
github.com/arran4/golang-ical/calendar.go:1117.11,1119.18 1 0
github.com/arran4/golang-ical/calendar.go:1119.18,1121.5 1 0
github.com/arran4/golang-ical/calendar.go:1122.4,1122.27 1 0
github.com/arran4/golang-ical/calendar.go:1125.2,1125.31 1 1
github.com/arran4/golang-ical/calendar.go:1125.31,1127.3 1 1
github.com/arran4/golang-ical/calendar.go:1128.2,1130.16 3 1
github.com/arran4/golang-ical/calendar.go:1130.16,1132.3 1 1
github.com/arran4/golang-ical/calendar.go:1133.2,1133.25 1 1
github.com/arran4/golang-ical/color.go:16.41,17.23 1 1
github.com/arran4/golang-ical/color.go:18.19,19.16 1 1
github.com/arran4/golang-ical/color.go:19.16,21.4 1 1
github.com/arran4/golang-ical/color.go:22.3,22.63 1 1
github.com/arran4/golang-ical/color.go:23.18,24.16 1 1
github.com/arran4/golang-ical/color.go:24.16,26.4 1 1
github.com/arran4/golang-ical/color.go:27.3,27.63 1 1
github.com/arran4/golang-ical/color.go:29.2,30.15 2 1
github.com/arran4/golang-ical/color.go:30.15,32.3 1 0
github.com/arran4/golang-ical/color.go:33.2,33.86 1 1
github.com/arran4/golang-ical/color.go:37.48,38.31 1 1
github.com/arran4/golang-ical/color.go:38.31,40.3 1 1
github.com/arran4/golang-ical/color.go:41.2,41.16 1 1
github.com/arran4/golang-ical/color.go:42.9,45.17 3 1
github.com/arran4/golang-ical/color.go:45.17,47.4 1 1
github.com/arran4/golang-ical/color.go:48.3,48.51 1 1
github.com/arran4/golang-ical/color.go:49.9,52.17 3 1
github.com/arran4/golang-ical/color.go:52.17,54.4 1 0
github.com/arran4/golang-ical/color.go:55.3,55.49 1 1
github.com/arran4/golang-ical/color.go:56.10,57.60 1 1
github.com/arran4/golang-ical/color.go:62.51,64.2 1 1
github.com/arran4/golang-ical/color.go:67.52,69.2 1 1
github.com/arran4/golang-ical/color.go:72.43,74.2 1 1
github.com/arran4/golang-ical/color.go:239.52,242.9 3 1
github.com/arran4/golang-ical/color.go:242.9,245.14 2 1
github.com/arran4/golang-ical/color.go:245.14,247.4 1 1
github.com/arran4/golang-ical/color.go:249.2,249.9 1 1
github.com/arran4/golang-ical/color.go:249.9,251.3 1 1
github.com/arran4/golang-ical/color.go:252.2,252.22 1 1
github.com/arran4/golang-ical/color.go:256.53,259.9 3 1
github.com/arran4/golang-ical/color.go:259.9,261.14 2 1
github.com/arran4/golang-ical/color.go:261.14,263.4 1 1
github.com/arran4/golang-ical/color.go:265.2,265.9 1 1
github.com/arran4/golang-ical/color.go:265.9,267.3 1 0
github.com/arran4/golang-ical/color.go:268.2,268.17 1 1
github.com/arran4/golang-ical/color.go:272.61,274.31 2 1
github.com/arran4/golang-ical/color.go:274.31,276.3 1 0
github.com/arran4/golang-ical/color.go:277.2,277.39 1 1
github.com/arran4/golang-ical/color.go:277.39,278.22 1 1
github.com/arran4/golang-ical/color.go:278.22,280.4 1 1
github.com/arran4/golang-ical/color.go:282.2,282.18 1 1
github.com/arran4/golang-ical/color.go:285.58,287.2 1 1
github.com/arran4/golang-ical/color.go:290.51,293.2 2 1
github.com/arran4/golang-ical/color.go:296.50,303.2 6 1
github.com/arran4/golang-ical/color.go:306.69,308.16 2 1
github.com/arran4/golang-ical/color.go:308.16,310.3 1 1
github.com/arran4/golang-ical/color.go:311.2,311.42 1 1
github.com/arran4/golang-ical/color.go:315.57,317.8 2 1
github.com/arran4/golang-ical/color.go:317.8,319.3 1 0
github.com/arran4/golang-ical/color.go:321.2,324.40 3 1
github.com/arran4/golang-ical/color.go:324.40,328.21 3 1
github.com/arran4/golang-ical/color.go:328.21,331.4 2 1
github.com/arran4/golang-ical/color.go:333.2,333.20 1 1
github.com/arran4/golang-ical/components.go:38.75,40.2 1 0
github.com/arran4/golang-ical/components.go:42.54,44.2 1 0
github.com/arran4/golang-ical/components.go:54.67,56.19 2 0
github.com/arran4/golang-ical/components.go:56.19,58.3 1 0
github.com/arran4/golang-ical/components.go:59.2,59.38 1 0
github.com/arran4/golang-ical/components.go:59.38,60.53 1 0
github.com/arran4/golang-ical/components.go:60.53,62.4 1 0
github.com/arran4/golang-ical/components.go:66.61,68.2 1 0
github.com/arran4/golang-ical/components.go:70.52,71.14 1 0
github.com/arran4/golang-ical/components.go:71.14,73.3 1 0
github.com/arran4/golang-ical/components.go:74.2,74.30 1 0
github.com/arran4/golang-ical/components.go:74.30,75.49 1 0
github.com/arran4/golang-ical/components.go:75.49,76.88 1 0
github.com/arran4/golang-ical/components.go:76.88,78.5 1 0
github.com/arran4/golang-ical/components.go:81.2,81.42 1 0
github.com/arran4/golang-ical/components.go:84.135,86.34 2 1
github.com/arran4/golang-ical/components.go:86.34,88.17 2 1
github.com/arran4/golang-ical/components.go:88.17,90.4 1 0
github.com/arran4/golang-ical/components.go:92.2,92.34 1 1
github.com/arran4/golang-ical/components.go:92.34,94.17 2 1
github.com/arran4/golang-ical/components.go:94.17,96.4 1 0
github.com/arran4/golang-ical/components.go:98.2,99.12 2 1
github.com/arran4/golang-ical/components.go:102.50,108.2 1 1
github.com/arran4/golang-ical/components.go:112.89,113.31 1 1
github.com/arran4/golang-ical/components.go:113.31,114.62 1 1
github.com/arran4/golang-ical/components.go:114.62,116.4 1 1
github.com/arran4/golang-ical/components.go:118.2,118.12 1 1
github.com/arran4/golang-ical/components.go:123.93,125.31 2 1
github.com/arran4/golang-ical/components.go:125.31,126.62 1 1
github.com/arran4/golang-ical/components.go:126.62,128.4 1 1
github.com/arran4/golang-ical/components.go:130.2,130.15 1 1
github.com/arran4/golang-ical/components.go:134.80,135.31 1 0
github.com/arran4/golang-ical/components.go:135.31,136.62 1 0
github.com/arran4/golang-ical/components.go:136.62,138.4 1 0
github.com/arran4/golang-ical/components.go:140.2,140.14 1 0
github.com/arran4/golang-ical/components.go:146.109,147.31 1 1
github.com/arran4/golang-ical/components.go:147.31,148.53 1 1
github.com/arran4/golang-ical/components.go:148.53,151.29 3 1
github.com/arran4/golang-ical/components.go:151.29,154.5 2 0
github.com/arran4/golang-ical/components.go:155.4,155.10 1 1
github.com/arran4/golang-ical/components.go:158.2,158.44 1 1
github.com/arran4/golang-ical/components.go:165.128,169.2 3 0
github.com/arran4/golang-ical/components.go:172.109,180.27 2 1
github.com/arran4/golang-ical/components.go:180.27,183.3 2 1
github.com/arran4/golang-ical/components.go:184.2,184.42 1 1
github.com/arran4/golang-ical/components.go:189.86,192.31 3 1
github.com/arran4/golang-ical/components.go:192.31,193.55 1 1
github.com/arran4/golang-ical/components.go:193.55,195.4 1 1
github.com/arran4/golang-ical/components.go:195.9,197.4 1 1
github.com/arran4/golang-ical/components.go:199.2,200.26 2 1
github.com/arran4/golang-ical/components.go:205.107,206.71 1 0
github.com/arran4/golang-ical/components.go:206.71,208.3 1 0
github.com/arran4/golang-ical/components.go:213.126,216.31 3 0
github.com/arran4/golang-ical/components.go:216.31,217.83 1 0
github.com/arran4/golang-ical/components.go:217.83,219.4 1 0
github.com/arran4/golang-ical/components.go:219.9,221.4 1 0
github.com/arran4/golang-ical/components.go:223.2,224.26 2 0
github.com/arran4/golang-ical/components.go:236.83,238.2 1 0
github.com/arran4/golang-ical/components.go:240.83,242.2 1 0
github.com/arran4/golang-ical/components.go:244.82,246.2 1 0
github.com/arran4/golang-ical/components.go:248.76,250.2 1 0
github.com/arran4/golang-ical/components.go:252.79,254.2 1 1
github.com/arran4/golang-ical/components.go:256.85,262.2 1 1
github.com/arran4/golang-ical/components.go:264.77,266.2 1 1
github.com/arran4/golang-ical/components.go:268.83,274.2 1 1
github.com/arran4/golang-ical/components.go:281.61,283.22 2 1
github.com/arran4/golang-ical/components.go:283.22,285.17 2 1
github.com/arran4/golang-ical/components.go:285.17,287.38 2 1
github.com/arran4/golang-ical/components.go:287.38,289.5 1 1
github.com/arran4/golang-ical/components.go:289.10,291.5 1 1
github.com/arran4/golang-ical/components.go:292.4,292.14 1 1
github.com/arran4/golang-ical/components.go:295.2,296.20 2 1
github.com/arran4/golang-ical/components.go:296.20,298.17 2 1
github.com/arran4/golang-ical/components.go:298.17,300.38 2 1
github.com/arran4/golang-ical/components.go:300.38,302.5 1 0
github.com/arran4/golang-ical/components.go:302.10,304.5 1 1
github.com/arran4/golang-ical/components.go:305.4,305.14 1 1
github.com/arran4/golang-ical/components.go:308.2,308.51 1 0
github.com/arran4/golang-ical/components.go:311.56,313.2 1 1
github.com/arran4/golang-ical/components.go:315.113,317.21 2 1
github.com/arran4/golang-ical/components.go:317.21,319.3 1 1
github.com/arran4/golang-ical/components.go:321.2,321.30 1 1
github.com/arran4/golang-ical/components.go:321.30,323.3 1 1
github.com/arran4/golang-ical/components.go:324.2,324.91 1 1
github.com/arran4/golang-ical/components.go:329.115,331.20 2 1
github.com/arran4/golang-ical/components.go:331.20,333.3 1 0
github.com/arran4/golang-ical/components.go:334.2,341.12 7 1
github.com/arran4/golang-ical/components.go:341.12,342.21 1 1
github.com/arran4/golang-ical/components.go:342.21,344.4 1 0
github.com/arran4/golang-ical/components.go:345.3,347.19 3 1
github.com/arran4/golang-ical/components.go:347.19,349.4 1 0
github.com/arran4/golang-ical/components.go:351.2,353.18 2 1
github.com/arran4/golang-ical/components.go:353.18,354.18 1 1
github.com/arran4/golang-ical/components.go:354.18,355.37 1 1
github.com/arran4/golang-ical/components.go:355.37,357.5 1 1
github.com/arran4/golang-ical/components.go:357.10,358.23 1 1
github.com/arran4/golang-ical/components.go:358.23,360.6 1 1
github.com/arran4/golang-ical/components.go:360.11,362.6 1 1
github.com/arran4/golang-ical/components.go:366.3,366.108 1 0
github.com/arran4/golang-ical/components.go:369.2,369.9 1 1
github.com/arran4/golang-ical/components.go:370.67,371.73 1 1
github.com/arran4/golang-ical/components.go:372.66,373.21 1 1
github.com/arran4/golang-ical/components.go:373.21,375.4 1 1
github.com/arran4/golang-ical/components.go:375.9,377.4 1 1
github.com/arran4/golang-ical/components.go:378.67,379.72 1 1
github.com/arran4/golang-ical/components.go:380.66,381.21 1 1
github.com/arran4/golang-ical/components.go:381.21,383.4 1 1
github.com/arran4/golang-ical/components.go:383.9,385.4 1 0
github.com/arran4/golang-ical/components.go:388.2,388.93 1 0
github.com/arran4/golang-ical/components.go:391.58,393.2 1 1
github.com/arran4/golang-ical/components.go:395.64,397.2 1 1
github.com/arran4/golang-ical/components.go:399.65,401.2 1 1
github.com/arran4/golang-ical/components.go:403.62,405.2 1 0
github.com/arran4/golang-ical/components.go:408.65,410.2 1 1
github.com/arran4/golang-ical/components.go:413.66,415.2 1 1
github.com/arran4/golang-ical/components.go:417.96,419.21 2 1
github.com/arran4/golang-ical/components.go:419.21,421.3 1 1
github.com/arran4/golang-ical/components.go:422.2,423.26 2 1
github.com/arran4/golang-ical/components.go:423.26,425.17 2 1
github.com/arran4/golang-ical/components.go:425.17,427.4 1 0
github.com/arran4/golang-ical/components.go:428.3,428.27 1 1
github.com/arran4/golang-ical/components.go:430.2,430.19 1 1
github.com/arran4/golang-ical/components.go:435.59,437.2 1 1
github.com/arran4/golang-ical/components.go:441.60,443.2 1 1
github.com/arran4/golang-ical/components.go:446.63,448.2 1 1
github.com/arran4/golang-ical/components.go:450.88,452.21 2 1
github.com/arran4/golang-ical/components.go:452.21,454.3 1 1
github.com/arran4/golang-ical/components.go:455.2,456.26 2 1
github.com/arran4/golang-ical/components.go:456.26,460.48 3 1
github.com/arran4/golang-ical/components.go:460.48,461.29 1 0
github.com/arran4/golang-ical/components.go:461.29,462.22 1 0
github.com/arran4/golang-ical/components.go:462.22,464.11 2 0
github.com/arran4/golang-ical/components.go:468.3,468.28 1 1
github.com/arran4/golang-ical/components.go:468.28,470.15 2 1
github.com/arran4/golang-ical/components.go:470.15,471.13 1 0
github.com/arran4/golang-ical/components.go:473.4,474.32 2 1
github.com/arran4/golang-ical/components.go:474.32,476.5 1 0
github.com/arran4/golang-ical/components.go:477.4,478.18 2 1
github.com/arran4/golang-ical/components.go:478.18,480.5 1 0
github.com/arran4/golang-ical/components.go:481.4,481.28 1 1
github.com/arran4/golang-ical/components.go:484.2,484.19 1 1
github.com/arran4/golang-ical/components.go:487.76,489.2 1 0
github.com/arran4/golang-ical/components.go:491.81,493.2 1 0
github.com/arran4/golang-ical/components.go:495.80,497.2 1 0
github.com/arran4/golang-ical/components.go:499.77,501.2 1 0
github.com/arran4/golang-ical/components.go:503.96,505.2 1 1
github.com/arran4/golang-ical/components.go:515.87,517.2 1 1
github.com/arran4/golang-ical/components.go:519.72,521.2 1 0
github.com/arran4/golang-ical/components.go:523.78,524.38 1 1
github.com/arran4/golang-ical/components.go:524.38,526.3 1 1
github.com/arran4/golang-ical/components.go:528.2,528.58 1 1
github.com/arran4/golang-ical/components.go:531.74,533.2 1 0
github.com/arran4/golang-ical/components.go:535.82,537.2 1 0
github.com/arran4/golang-ical/components.go:539.74,541.2 1 0
github.com/arran4/golang-ical/components.go:543.78,545.2 1 0
github.com/arran4/golang-ical/components.go:547.77,548.38 1 1
github.com/arran4/golang-ical/components.go:548.38,550.3 1 1
github.com/arran4/golang-ical/components.go:552.2,552.57 1 1
github.com/arran4/golang-ical/components.go:555.75,557.2 1 1
github.com/arran4/golang-ical/components.go:559.75,561.2 1 1
github.com/arran4/golang-ical/components.go:563.74,565.2 1 1
github.com/arran4/golang-ical/components.go:567.74,569.2 1 1
github.com/arran4/golang-ical/components.go:571.79,573.2 1 0
github.com/arran4/golang-ical/components.go:575.75,577.2 1 0
github.com/arran4/golang-ical/components.go:579.81,583.2 1 0
github.com/arran4/golang-ical/components.go:585.76,587.2 1 0
github.com/arran4/golang-ical/components.go:589.77,591.2 1 0
github.com/arran4/golang-ical/components.go:597.35,598.43 1 0
github.com/arran4/golang-ical/components.go:598.43,600.3 1 0
github.com/arran4/golang-ical/components.go:601.2,601.16 1 0
github.com/arran4/golang-ical/components.go:604.62,606.2 1 0
github.com/arran4/golang-ical/components.go:608.65,610.17 2 0
github.com/arran4/golang-ical/components.go:610.17,612.3 1 0
github.com/arran4/golang-ical/components.go:613.2,613.11 1 0
github.com/arran4/golang-ical/components.go:616.62,617.55 1 0
github.com/arran4/golang-ical/components.go:617.55,619.3 1 0
github.com/arran4/golang-ical/components.go:620.2,620.12 1 0
github.com/arran4/golang-ical/components.go:623.50,625.31 2 0
github.com/arran4/golang-ical/components.go:625.31,626.37 1 0
github.com/arran4/golang-ical/components.go:627.42,631.20 2 0
github.com/arran4/golang-ical/components.go:634.2,634.10 1 0
github.com/arran4/golang-ical/components.go:637.38,639.14 2 1
github.com/arran4/golang-ical/components.go:639.14,641.3 1 1
github.com/arran4/golang-ical/components.go:642.2,642.11 1 0
github.com/arran4/golang-ical/components.go:645.45,651.2 3 0
github.com/arran4/golang-ical/components.go:653.47,654.42 1 0
github.com/arran4/golang-ical/components.go:654.42,656.3 1 0
github.com/arran4/golang-ical/components.go:657.2,657.42 1 0
github.com/arran4/golang-ical/components.go:660.45,662.31 2 1
github.com/arran4/golang-ical/components.go:662.31,663.43 1 1
github.com/arran4/golang-ical/components.go:664.16,665.24 1 1
github.com/arran4/golang-ical/components.go:668.2,668.10 1 1
github.com/arran4/golang-ical/components.go:675.95,677.2 1 1
github.com/arran4/golang-ical/components.go:679.81,682.2 2 1
github.com/arran4/golang-ical/components.go:684.90,688.2 3 1
github.com/arran4/golang-ical/components.go:690.40,695.2 2 1
github.com/arran4/golang-ical/components.go:697.72,699.2 1 1
github.com/arran4/golang-ical/components.go:701.81,703.2 1 1
github.com/arran4/golang-ical/components.go:706.92,708.2 1 1
github.com/arran4/golang-ical/components.go:710.70,712.2 1 0
github.com/arran4/golang-ical/components.go:714.74,716.2 1 0
github.com/arran4/golang-ical/components.go:718.41,720.2 1 0
github.com/arran4/golang-ical/components.go:722.43,724.2 1 0
github.com/arran4/golang-ical/components.go:726.41,728.2 1 1
github.com/arran4/golang-ical/components.go:730.58,732.2 1 1
github.com/arran4/golang-ical/components.go:741.91,743.2 1 0
github.com/arran4/golang-ical/components.go:749.93,751.2 1 1
github.com/arran4/golang-ical/components.go:753.79,756.2 2 1
github.com/arran4/golang-ical/components.go:758.88,761.16 3 1
github.com/arran4/golang-ical/components.go:761.16,763.3 1 0
github.com/arran4/golang-ical/components.go:764.2,764.24 1 1
github.com/arran4/golang-ical/components.go:767.38,772.2 2 1
github.com/arran4/golang-ical/components.go:774.48,778.2 3 0
github.com/arran4/golang-ical/components.go:780.41,782.2 1 0
github.com/arran4/golang-ical/components.go:784.39,786.32 2 0
github.com/arran4/golang-ical/components.go:786.32,787.43 1 0
github.com/arran4/golang-ical/components.go:788.15,789.23 1 0
github.com/arran4/golang-ical/components.go:792.2,792.10 1 0
github.com/arran4/golang-ical/components.go:795.77,797.2 1 0
github.com/arran4/golang-ical/components.go:799.83,802.2 2 0
github.com/arran4/golang-ical/components.go:804.71,806.2 1 0
github.com/arran4/golang-ical/components.go:808.77,811.2 2 0
github.com/arran4/golang-ical/components.go:813.75,815.2 1 0
github.com/arran4/golang-ical/components.go:818.90,820.2 1 0
github.com/arran4/golang-ical/components.go:822.68,824.2 1 0
github.com/arran4/golang-ical/components.go:826.72,828.2 1 0
github.com/arran4/golang-ical/components.go:835.55,837.16 2 0
github.com/arran4/golang-ical/components.go:837.16,840.3 2 0
github.com/arran4/golang-ical/components.go:840.8,842.17 2 0
github.com/arran4/golang-ical/components.go:842.17,845.4 2 0
github.com/arran4/golang-ical/components.go:847.2,847.51 1 0
github.com/arran4/golang-ical/components.go:850.39,852.2 1 0
github.com/arran4/golang-ical/components.go:854.41,856.2 1 0
github.com/arran4/golang-ical/components.go:858.39,860.2 1 0
github.com/arran4/golang-ical/components.go:863.50,865.2 1 0
github.com/arran4/golang-ical/components.go:867.57,869.2 1 0
github.com/arran4/golang-ical/components.go:875.99,877.2 1 1
github.com/arran4/golang-ical/components.go:879.85,882.2 2 0
github.com/arran4/golang-ical/components.go:884.94,887.16 3 0
github.com/arran4/golang-ical/components.go:887.16,889.3 1 0
github.com/arran4/golang-ical/components.go:890.2,890.24 1 0
github.com/arran4/golang-ical/components.go:893.44,898.2 2 0
github.com/arran4/golang-ical/components.go:900.54,904.2 3 0
github.com/arran4/golang-ical/components.go:906.47,908.2 1 0
github.com/arran4/golang-ical/components.go:910.45,912.32 2 0
github.com/arran4/golang-ical/components.go:912.32,913.46 1 0
github.com/arran4/golang-ical/components.go:914.18,915.26 1 0
github.com/arran4/golang-ical/components.go:918.2,918.10 1 0
github.com/arran4/golang-ical/components.go:925.79,928.2 2 0
github.com/arran4/golang-ical/components.go:930.88,933.16 3 0
github.com/arran4/golang-ical/components.go:933.16,935.3 1 0
github.com/arran4/golang-ical/components.go:936.2,936.24 1 0
github.com/arran4/golang-ical/components.go:939.93,941.2 1 1
github.com/arran4/golang-ical/components.go:943.38,948.2 2 0
github.com/arran4/golang-ical/components.go:950.48,954.2 3 0
github.com/arran4/golang-ical/components.go:956.41,958.2 1 0
github.com/arran4/golang-ical/components.go:960.39,962.32 2 0
github.com/arran4/golang-ical/components.go:962.32,963.43 1 0
github.com/arran4/golang-ical/components.go:964.15,965.23 1 0
github.com/arran4/golang-ical/components.go:968.2,968.10 1 0
github.com/arran4/golang-ical/components.go:975.87,978.2 2 0
github.com/arran4/golang-ical/components.go:980.96,983.16 3 0
github.com/arran4/golang-ical/components.go:983.16,985.3 1 0
github.com/arran4/golang-ical/components.go:986.2,986.24 1 0
github.com/arran4/golang-ical/components.go:989.101,991.2 1 1
github.com/arran4/golang-ical/components.go:993.52,997.2 3 0
github.com/arran4/golang-ical/components.go:999.42,1008.2 2 1
github.com/arran4/golang-ical/components.go:1010.56,1014.2 3 1
github.com/arran4/golang-ical/components.go:1016.49,1018.2 1 0
github.com/arran4/golang-ical/components.go:1020.47,1022.32 2 0
github.com/arran4/golang-ical/components.go:1022.32,1023.47 1 0
github.com/arran4/golang-ical/components.go:1024.19,1025.27 1 0
github.com/arran4/golang-ical/components.go:1028.2,1028.10 1 0
github.com/arran4/golang-ical/components.go:1035.77,1038.2 2 0
github.com/arran4/golang-ical/components.go:1040.86,1043.16 3 0
github.com/arran4/golang-ical/components.go:1043.16,1045.3 1 0
github.com/arran4/golang-ical/components.go:1046.2,1046.24 1 0
github.com/arran4/golang-ical/components.go:1049.91,1051.2 1 1
github.com/arran4/golang-ical/components.go:1053.36,1057.2 2 0
github.com/arran4/golang-ical/components.go:1059.43,1061.2 1 0
github.com/arran4/golang-ical/components.go:1063.41,1065.32 2 0
github.com/arran4/golang-ical/components.go:1065.32,1066.44 1 0
github.com/arran4/golang-ical/components.go:1067.16,1068.24 1 0
github.com/arran4/golang-ical/components.go:1071.2,1071.10 1 0
github.com/arran4/golang-ical/components.go:1074.67,1076.2 1 0
github.com/arran4/golang-ical/components.go:1078.68,1080.2 1 0
github.com/arran4/golang-ical/components.go:1086.30,1091.2 2 0
github.com/arran4/golang-ical/components.go:1093.86,1096.2 2 0
github.com/arran4/golang-ical/components.go:1098.95,1101.16 3 0
github.com/arran4/golang-ical/components.go:1101.16,1103.3 1 0
github.com/arran4/golang-ical/components.go:1104.2,1104.24 1 0
github.com/arran4/golang-ical/components.go:1107.100,1109.2 1 1
github.com/arran4/golang-ical/components.go:1115.86,1118.2 2 0
github.com/arran4/golang-ical/components.go:1120.95,1123.16 3 0
github.com/arran4/golang-ical/components.go:1123.16,1125.3 1 0
github.com/arran4/golang-ical/components.go:1126.2,1126.24 1 0
github.com/arran4/golang-ical/components.go:1129.100,1131.2 1 1
github.com/arran4/golang-ical/components.go:1138.93,1141.2 2 0
github.com/arran4/golang-ical/components.go:1143.102,1146.16 3 0
github.com/arran4/golang-ical/components.go:1146.16,1148.3 1 0
github.com/arran4/golang-ical/components.go:1149.2,1149.24 1 0
github.com/arran4/golang-ical/components.go:1152.107,1154.2 1 0
github.com/arran4/golang-ical/components.go:1156.92,1158.2 1 0
github.com/arran4/golang-ical/components.go:1160.116,1161.58 1 1
github.com/arran4/golang-ical/components.go:1161.58,1163.3 1 1
github.com/arran4/golang-ical/components.go:1164.2,1164.22 1 0
github.com/arran4/golang-ical/components.go:1164.22,1166.3 1 0
github.com/arran4/golang-ical/components.go:1167.2,1167.65 1 0
github.com/arran4/golang-ical/components.go:1170.116,1172.40 2 1
github.com/arran4/golang-ical/components.go:1173.26,1174.43 1 0
github.com/arran4/golang-ical/components.go:1175.23,1177.18 2 1
github.com/arran4/golang-ical/components.go:1177.18,1179.4 1 1
github.com/arran4/golang-ical/components.go:1180.3,1180.33 1 1
github.com/arran4/golang-ical/components.go:1181.22,1183.18 2 1
github.com/arran4/golang-ical/components.go:1183.18,1185.4 1 0
github.com/arran4/golang-ical/components.go:1186.3,1186.32 1 1
github.com/arran4/golang-ical/components.go:1187.25,1189.18 2 1
github.com/arran4/golang-ical/components.go:1189.18,1191.4 1 0
github.com/arran4/golang-ical/components.go:1192.3,1192.35 1 1
github.com/arran4/golang-ical/components.go:1193.26,1195.18 2 1
github.com/arran4/golang-ical/components.go:1195.18,1197.4 1 0
github.com/arran4/golang-ical/components.go:1198.3,1198.32 1 1
github.com/arran4/golang-ical/components.go:1199.26,1201.18 2 1
github.com/arran4/golang-ical/components.go:1201.18,1203.4 1 0
github.com/arran4/golang-ical/components.go:1204.3,1204.36 1 1
github.com/arran4/golang-ical/components.go:1205.23,1207.18 2 1
github.com/arran4/golang-ical/components.go:1207.18,1209.4 1 1
github.com/arran4/golang-ical/components.go:1210.3,1210.33 1 1
github.com/arran4/golang-ical/components.go:1211.25,1213.18 2 1
github.com/arran4/golang-ical/components.go:1213.18,1215.4 1 0
github.com/arran4/golang-ical/components.go:1216.3,1216.35 1 1
github.com/arran4/golang-ical/components.go:1217.25,1219.18 2 1
github.com/arran4/golang-ical/components.go:1219.18,1221.4 1 0
github.com/arran4/golang-ical/components.go:1222.3,1222.35 1 1
github.com/arran4/golang-ical/components.go:1223.10,1225.18 2 0
github.com/arran4/golang-ical/components.go:1225.18,1227.4 1 0
github.com/arran4/golang-ical/components.go:1228.3,1228.67 1 0
github.com/arran4/golang-ical/components.go:1230.2,1230.16 1 1
github.com/arran4/golang-ical/components.go:1233.71,1236.2 2 0
github.com/arran4/golang-ical/components.go:1238.89,1240.16 2 0
github.com/arran4/golang-ical/components.go:1240.16,1242.3 1 0
github.com/arran4/golang-ical/components.go:1243.2,1246.16 2 0
github.com/arran4/golang-ical/components.go:1249.69,1252.2 2 0
github.com/arran4/golang-ical/components.go:1254.87,1256.16 2 0
github.com/arran4/golang-ical/components.go:1256.16,1258.3 1 0
github.com/arran4/golang-ical/components.go:1259.2,1262.16 2 0
github.com/arran4/golang-ical/components.go:1265.75,1268.2 2 0
github.com/arran4/golang-ical/components.go:1270.93,1272.16 2 0
github.com/arran4/golang-ical/components.go:1272.16,1274.3 1 0
github.com/arran4/golang-ical/components.go:1275.2,1278.16 2 0
github.com/arran4/golang-ical/components.go:1281.69,1284.2 2 0
github.com/arran4/golang-ical/components.go:1286.87,1288.16 2 0
github.com/arran4/golang-ical/components.go:1288.16,1290.3 1 0
github.com/arran4/golang-ical/components.go:1291.2,1294.16 2 0
github.com/arran4/golang-ical/components.go:1297.77,1300.2 2 0
github.com/arran4/golang-ical/components.go:1302.95,1304.16 2 0
github.com/arran4/golang-ical/components.go:1304.16,1306.3 1 0
github.com/arran4/golang-ical/components.go:1307.2,1310.16 2 0
github.com/arran4/golang-ical/components.go:1313.71,1316.2 2 0
github.com/arran4/golang-ical/components.go:1318.89,1320.16 2 0
github.com/arran4/golang-ical/components.go:1320.16,1322.3 1 0
github.com/arran4/golang-ical/components.go:1323.2,1326.16 2 0
github.com/arran4/golang-ical/components.go:1329.75,1332.2 2 0
github.com/arran4/golang-ical/components.go:1334.93,1336.16 2 0
github.com/arran4/golang-ical/components.go:1336.16,1338.3 1 0
github.com/arran4/golang-ical/components.go:1339.2,1342.16 2 0
github.com/arran4/golang-ical/components.go:1345.75,1348.2 2 0
github.com/arran4/golang-ical/components.go:1350.93,1352.16 2 0
github.com/arran4/golang-ical/components.go:1352.16,1354.3 1 0
github.com/arran4/golang-ical/components.go:1355.2,1358.16 2 0
github.com/arran4/golang-ical/components.go:1361.91,1364.2 2 0
github.com/arran4/golang-ical/components.go:1366.109,1368.16 2 0
github.com/arran4/golang-ical/components.go:1368.16,1370.3 1 0
github.com/arran4/golang-ical/components.go:1371.2,1375.16 2 0
github.com/arran4/golang-ical/components.go:1378.89,1380.2 1 0
github.com/arran4/golang-ical/components.go:1382.113,1383.58 1 1
github.com/arran4/golang-ical/components.go:1383.58,1385.3 1 1
github.com/arran4/golang-ical/components.go:1386.2,1386.22 1 0
github.com/arran4/golang-ical/components.go:1386.22,1388.3 1 0
github.com/arran4/golang-ical/components.go:1389.2,1389.58 1 0
github.com/arran4/golang-ical/components.go:1397.71,1399.27 2 1
github.com/arran4/golang-ical/components.go:1399.27,1400.28 1 1
github.com/arran4/golang-ical/components.go:1401.12,1402.12 1 0
github.com/arran4/golang-ical/components.go:1403.23,1404.28 1 1
github.com/arran4/golang-ical/components.go:1405.49,1406.44 1 0
github.com/arran4/golang-ical/components.go:1407.23,1408.28 1 1
github.com/arran4/golang-ical/components.go:1409.36,1410.44 1 0
github.com/arran4/golang-ical/components.go:1411.11,1412.64 1 1
github.com/arran4/golang-ical/components.go:1415.2,1415.17 1 1
github.com/arran4/golang-ical/components.go:1418.113,1421.16 3 1
github.com/arran4/golang-ical/components.go:1421.16,1423.3 1 0
github.com/arran4/golang-ical/components.go:1424.2,1426.11 3 1
github.com/arran4/golang-ical/components.go:1426.11,1428.17 2 1
github.com/arran4/golang-ical/components.go:1428.17,1429.11 1 0
github.com/arran4/golang-ical/components.go:1430.32,1431.17 1 0
github.com/arran4/golang-ical/components.go:1432.12,1433.19 1 0
github.com/arran4/golang-ical/components.go:1436.3,1436.31 1 1
github.com/arran4/golang-ical/components.go:1436.31,1437.12 1 0
github.com/arran4/golang-ical/components.go:1439.3,1440.17 2 1
github.com/arran4/golang-ical/components.go:1440.17,1441.42 1 1
github.com/arran4/golang-ical/components.go:1441.42,1442.13 1 1
github.com/arran4/golang-ical/components.go:1444.4,1444.49 1 1
github.com/arran4/golang-ical/components.go:1446.3,1446.18 1 1
github.com/arran4/golang-ical/components.go:1446.18,1447.12 1 1
github.com/arran4/golang-ical/components.go:1449.3,1450.25 2 1
github.com/arran4/golang-ical/components.go:1451.14,1452.22 1 1
github.com/arran4/golang-ical/components.go:1453.25,1454.19 1 1
github.com/arran4/golang-ical/components.go:1455.12,1456.63 1 0
github.com/arran4/golang-ical/components.go:1458.16,1460.18 2 1
github.com/arran4/golang-ical/components.go:1460.18,1462.5 1 1
github.com/arran4/golang-ical/components.go:1463.4,1463.17 1 1
github.com/arran4/golang-ical/components.go:1463.17,1465.5 1 1
github.com/arran4/golang-ical/components.go:1479.43,1480.62 1 1
github.com/arran4/golang-ical/components.go:1481.11,1482.62 1 1
github.com/arran4/golang-ical/components.go:1485.2,1485.59 1 0
github.com/arran4/golang-ical/errors.go:17.41,18.9 1 1
github.com/arran4/golang-ical/errors.go:19.16,20.27 1 0
github.com/arran4/golang-ical/errors.go:21.30,22.77 1 0
github.com/arran4/golang-ical/errors.go:23.17,24.51 1 1
github.com/arran4/golang-ical/errors.go:25.20,26.23 1 0
github.com/arran4/golang-ical/errors.go:27.10,28.27 1 0
github.com/arran4/golang-ical/errors.go:32.41,33.14 1 1
github.com/arran4/golang-ical/errors.go:33.14,35.3 1 0
github.com/arran4/golang-ical/errors.go:36.2,36.14 1 1
github.com/arran4/golang-ical/errors.go:40.62,41.16 1 1
github.com/arran4/golang-ical/errors.go:41.16,43.3 1 0
github.com/arran4/golang-ical/errors.go:44.2,50.3 1 1
github.com/arran4/golang-ical/property.go:32.68,34.2 1 1
github.com/arran4/golang-ical/property.go:36.42,41.2 1 0
github.com/arran4/golang-ical/property.go:43.46,48.2 1 1
github.com/arran4/golang-ical/property.go:51.68,56.2 1 0
github.com/arran4/golang-ical/property.go:58.53,63.2 1 0
github.com/arran4/golang-ical/property.go:65.56,70.2 1 0
github.com/arran4/golang-ical/property.go:72.47,77.2 1 1
github.com/arran4/golang-ical/property.go:79.41,84.2 1 0
github.com/arran4/golang-ical/property.go:86.56,90.22 4 1
github.com/arran4/golang-ical/property.go:90.22,91.27 1 1
github.com/arran4/golang-ical/property.go:91.27,93.4 1 1
github.com/arran4/golang-ical/property.go:93.9,93.29 1 1
github.com/arran4/golang-ical/property.go:93.29,95.4 1 1
github.com/arran4/golang-ical/property.go:96.3,98.28 3 1
github.com/arran4/golang-ical/property.go:98.28,99.9 1 1
github.com/arran4/golang-ical/property.go:101.3,101.21 1 1
github.com/arran4/golang-ical/property.go:103.2,103.26 1 1
github.com/arran4/golang-ical/property.go:103.26,105.3 1 1
github.com/arran4/golang-ical/property.go:107.2,107.19 1 1
github.com/arran4/golang-ical/property.go:110.73,112.24 2 1
github.com/arran4/golang-ical/property.go:112.24,114.3 1 1
github.com/arran4/golang-ical/property.go:115.2,115.17 1 1
github.com/arran4/golang-ical/property.go:115.17,117.3 1 0
github.com/arran4/golang-ical/property.go:118.2,118.18 1 1
github.com/arran4/golang-ical/property.go:121.54,122.38 1 1
github.com/arran4/golang-ical/property.go:122.38,123.52 1 1
github.com/arran4/golang-ical/property.go:123.52,125.4 1 1
github.com/arran4/golang-ical/property.go:129.2,129.32 1 1
github.com/arran4/golang-ical/property.go:130.10,131.14 1 1
github.com/arran4/golang-ical/property.go:135.25,136.27 1 1
github.com/arran4/golang-ical/property.go:138.66,139.26 1 1
github.com/arran4/golang-ical/property.go:141.19,142.28 1 0
github.com/arran4/golang-ical/property.go:144.83,145.30 1 1
github.com/arran4/golang-ical/property.go:148.73,149.31 1 1
github.com/arran4/golang-ical/property.go:151.41,152.31 1 1
github.com/arran4/golang-ical/property.go:154.24,155.29 1 1
github.com/arran4/golang-ical/property.go:157.48,158.32 1 1
github.com/arran4/golang-ical/property.go:160.43,161.33 1 1
github.com/arran4/golang-ical/property.go:163.21,164.28 1 1
github.com/arran4/golang-ical/property.go:168.98,173.35 4 1
github.com/arran4/golang-ical/property.go:173.35,175.3 1 1
github.com/arran4/golang-ical/property.go:176.2,177.25 2 1
github.com/arran4/golang-ical/property.go:177.25,182.25 5 1
github.com/arran4/golang-ical/property.go:182.25,184.14 2 1
github.com/arran4/golang-ical/property.go:184.14,186.5 1 0
github.com/arran4/golang-ical/property.go:187.4,187.31 1 1
github.com/arran4/golang-ical/property.go:187.31,190.5 2 0
github.com/arran4/golang-ical/property.go:190.10,193.5 2 1
github.com/arran4/golang-ical/property.go:196.2,198.42 3 1
github.com/arran4/golang-ical/property.go:198.42,200.3 1 1
github.com/arran4/golang-ical/property.go:201.2,201.44 1 1
github.com/arran4/golang-ical/property.go:201.44,203.3 1 1
github.com/arran4/golang-ical/property.go:204.2,206.37 3 1
github.com/arran4/golang-ical/property.go:206.37,209.17 3 1
github.com/arran4/golang-ical/property.go:209.17,211.4 1 0
github.com/arran4/golang-ical/property.go:212.3,214.41 2 1
github.com/arran4/golang-ical/property.go:214.41,217.18 3 1
github.com/arran4/golang-ical/property.go:217.18,219.5 1 0
github.com/arran4/golang-ical/property.go:220.4,220.18 1 1
github.com/arran4/golang-ical/property.go:222.3,223.17 2 1
github.com/arran4/golang-ical/property.go:223.17,225.4 1 0
github.com/arran4/golang-ical/property.go:227.2,228.16 2 1
github.com/arran4/golang-ical/property.go:228.16,230.3 1 0
github.com/arran4/golang-ical/property.go:231.2,231.12 1 1
github.com/arran4/golang-ical/property.go:234.93,235.63 1 1
github.com/arran4/golang-ical/property.go:235.63,237.3 1 1
github.com/arran4/golang-ical/property.go:238.2,238.37 1 1
github.com/arran4/golang-ical/property.go:238.37,240.3 1 0
github.com/arran4/golang-ical/property.go:241.2,242.16 2 1
github.com/arran4/golang-ical/property.go:242.16,244.3 1 0
github.com/arran4/golang-ical/property.go:245.2,245.72 1 1
github.com/arran4/golang-ical/property.go:245.72,247.3 1 1
github.com/arran4/golang-ical/property.go:248.2,248.14 1 0
github.com/arran4/golang-ical/property.go:251.41,254.22 3 1
github.com/arran4/golang-ical/property.go:254.22,255.12 1 1
github.com/arran4/golang-ical/property.go:256.39,258.19 2 1
github.com/arran4/golang-ical/property.go:261.2,261.18 1 1
github.com/arran4/golang-ical/property.go:261.18,263.3 1 1
github.com/arran4/golang-ical/property.go:264.2,264.29 1 1
github.com/arran4/golang-ical/property.go:267.41,270.22 3 0
github.com/arran4/golang-ical/property.go:270.22,271.12 1 0
github.com/arran4/golang-ical/property.go:272.18,274.19 2 0
github.com/arran4/golang-ical/property.go:277.2,277.18 1 0
github.com/arran4/golang-ical/property.go:277.18,279.3 1 0
github.com/arran4/golang-ical/property.go:280.2,280.41 1 0
github.com/arran4/golang-ical/property.go:293.13,296.16 3 1
github.com/arran4/golang-ical/property.go:296.16,298.3 1 0
github.com/arran4/golang-ical/property.go:299.2,301.16 3 1
github.com/arran4/golang-ical/property.go:301.16,303.3 1 0
github.com/arran4/golang-ical/property.go:313.68,315.2 1 1
github.com/arran4/golang-ical/property.go:319.69,321.16 2 1
github.com/arran4/golang-ical/property.go:321.16,323.3 1 1
github.com/arran4/golang-ical/property.go:324.2,324.18 1 0
github.com/arran4/golang-ical/property.go:329.62,332.19 3 1
github.com/arran4/golang-ical/property.go:332.19,334.3 1 0
github.com/arran4/golang-ical/property.go:335.2,336.73 2 1
github.com/arran4/golang-ical/property.go:336.73,338.3 1 1
github.com/arran4/golang-ical/property.go:339.2,343.8 1 1
github.com/arran4/golang-ical/property.go:348.90,350.58 2 1
github.com/arran4/golang-ical/property.go:350.58,352.17 2 1
github.com/arran4/golang-ical/property.go:352.17,354.4 1 1
github.com/arran4/golang-ical/property.go:355.3,355.29 1 1
github.com/arran4/golang-ical/property.go:355.29,356.16 1 1
github.com/arran4/golang-ical/property.go:356.16,357.13 1 0
github.com/arran4/golang-ical/property.go:359.4,360.18 2 1
github.com/arran4/golang-ical/property.go:360.18,361.43 1 0
github.com/arran4/golang-ical/property.go:361.43,362.14 1 0
github.com/arran4/golang-ical/property.go:364.5,364.20 1 0
github.com/arran4/golang-ical/property.go:366.4,366.19 1 1
github.com/arran4/golang-ical/property.go:366.19,368.5 1 1
github.com/arran4/golang-ical/property.go:370.3,370.77 1 0
github.com/arran4/golang-ical/property.go:374.68,379.21 3 1
github.com/arran4/golang-ical/property.go:379.21,381.3 1 0
github.com/arran4/golang-ical/property.go:382.2,385.6 4 1
github.com/arran4/golang-ical/property.go:385.6,386.28 1 1
github.com/arran4/golang-ical/property.go:386.28,388.4 1 0
github.com/arran4/golang-ical/property.go:389.3,389.31 1 1
github.com/arran4/golang-ical/property.go:390.12,391.63 1 1
github.com/arran4/golang-ical/property.go:392.12,397.18 5 1
github.com/arran4/golang-ical/property.go:397.18,399.5 1 1
github.com/arran4/golang-ical/property.go:400.4,400.16 1 1
github.com/arran4/golang-ical/property.go:400.16,402.5 1 0
github.com/arran4/golang-ical/property.go:403.4,403.10 1 1
github.com/arran4/golang-ical/property.go:404.11,405.103 1 0
github.com/arran4/golang-ical/property.go:410.97,412.21 2 1
github.com/arran4/golang-ical/property.go:412.21,414.3 1 0
github.com/arran4/golang-ical/property.go:415.2,418.27 4 1
github.com/arran4/golang-ical/property.go:418.27,420.3 1 1
github.com/arran4/golang-ical/property.go:421.2,421.30 1 1
github.com/arran4/golang-ical/property.go:422.11,423.9 1 1
github.com/arran4/golang-ical/property.go:424.10,425.88 1 1
github.com/arran4/golang-ical/property.go:427.2,427.6 1 1
github.com/arran4/golang-ical/property.go:427.6,428.28 1 1
github.com/arran4/golang-ical/property.go:428.28,430.4 1 0
github.com/arran4/golang-ical/property.go:431.3,433.17 3 1
github.com/arran4/golang-ical/property.go:433.17,435.4 1 1
github.com/arran4/golang-ical/property.go:436.3,437.28 2 1
github.com/arran4/golang-ical/property.go:437.28,439.4 1 1
github.com/arran4/golang-ical/property.go:440.3,440.31 1 1
github.com/arran4/golang-ical/property.go:441.12,442.10 1 0
github.com/arran4/golang-ical/property.go:443.11,444.20 1 1
github.com/arran4/golang-ical/property.go:449.68,480.33 5 1
github.com/arran4/golang-ical/property.go:480.33,481.15 1 1
github.com/arran4/golang-ical/property.go:482.61,483.91 1 0
github.com/arran4/golang-ical/property.go:485.27,486.91 1 0
github.com/arran4/golang-ical/property.go:487.13,488.21 1 1
github.com/arran4/golang-ical/property.go:488.21,490.5 1 1
github.com/arran4/golang-ical/property.go:491.4,493.12 3 1
github.com/arran4/golang-ical/property.go:494.22,495.15 1 1
github.com/arran4/golang-ical/property.go:495.15,498.13 3 1
github.com/arran4/golang-ical/property.go:500.12,501.15 1 1
github.com/arran4/golang-ical/property.go:501.15,503.13 2 1
github.com/arran4/golang-ical/property.go:505.4,505.14 1 1
github.com/arran4/golang-ical/property.go:505.14,507.13 2 1
github.com/arran4/golang-ical/property.go:509.4,509.62 1 1
github.com/arran4/golang-ical/property.go:511.3,511.22 1 1
github.com/arran4/golang-ical/property.go:513.2,513.26 1 1
github.com/arran4/golang-ical/property.go:516.83,518.21 2 1
github.com/arran4/golang-ical/property.go:518.21,520.3 1 0
github.com/arran4/golang-ical/property.go:521.2,522.43 2 1
github.com/arran4/golang-ical/property.go:522.43,524.3 1 1
github.com/arran4/golang-ical/property.go:525.2,525.10 1 1
github.com/arran4/golang-ical/property.go:535.30,539.2 1 1
github.com/arran4/golang-ical/property.go:549.32,553.2 1 1
github.com/arran4/golang-ical/recurrence.go:66.39,67.22 1 1
github.com/arran4/golang-ical/recurrence.go:67.22,69.3 1 1
github.com/arran4/golang-ical/recurrence.go:70.2,70.50 1 1
github.com/arran4/golang-ical/recurrence.go:94.61,100.29 3 1
github.com/arran4/golang-ical/recurrence.go:100.29,101.17 1 1
github.com/arran4/golang-ical/recurrence.go:101.17,102.12 1 1
github.com/arran4/golang-ical/recurrence.go:104.3,105.19 2 1
github.com/arran4/golang-ical/recurrence.go:105.19,107.4 1 0
github.com/arran4/golang-ical/recurrence.go:108.3,111.24 3 1
github.com/arran4/golang-ical/recurrence.go:112.21,114.36 2 1
github.com/arran4/golang-ical/recurrence.go:114.36,116.5 1 1
github.com/arran4/golang-ical/recurrence.go:117.22,119.18 2 1
github.com/arran4/golang-ical/recurrence.go:119.18,121.5 1 0
github.com/arran4/golang-ical/recurrence.go:122.22,124.18 2 1
github.com/arran4/golang-ical/recurrence.go:124.18,126.5 1 1
github.com/arran4/golang-ical/recurrence.go:127.25,129.18 2 1
github.com/arran4/golang-ical/recurrence.go:129.18,131.5 1 0
github.com/arran4/golang-ical/recurrence.go:132.25,134.18 2 1
github.com/arran4/golang-ical/recurrence.go:134.18,136.5 1 0
github.com/arran4/golang-ical/recurrence.go:137.25,139.18 2 1
github.com/arran4/golang-ical/recurrence.go:139.18,141.5 1 0
github.com/arran4/golang-ical/recurrence.go:142.23,144.18 2 1
github.com/arran4/golang-ical/recurrence.go:144.18,146.5 1 0
github.com/arran4/golang-ical/recurrence.go:147.22,149.18 2 1
github.com/arran4/golang-ical/recurrence.go:149.18,151.5 1 1
github.com/arran4/golang-ical/recurrence.go:152.27,154.18 2 1
github.com/arran4/golang-ical/recurrence.go:154.18,156.5 1 0
github.com/arran4/golang-ical/recurrence.go:157.26,159.18 2 1
github.com/arran4/golang-ical/recurrence.go:159.18,161.5 1 0
github.com/arran4/golang-ical/recurrence.go:162.25,164.18 2 1
github.com/arran4/golang-ical/recurrence.go:164.18,166.5 1 0
github.com/arran4/golang-ical/recurrence.go:167.24,169.18 2 1
github.com/arran4/golang-ical/recurrence.go:169.18,171.5 1 0
github.com/arran4/golang-ical/recurrence.go:172.25,174.18 2 1
github.com/arran4/golang-ical/recurrence.go:174.18,176.5 1 0
github.com/arran4/golang-ical/recurrence.go:177.21,179.33 2 1
github.com/arran4/golang-ical/recurrence.go:179.33,181.5 1 0
github.com/arran4/golang-ical/recurrence.go:182.11,182.11 0 1
github.com/arran4/golang-ical/recurrence.go:188.2,188.21 1 1
github.com/arran4/golang-ical/recurrence.go:188.21,190.3 1 1
github.com/arran4/golang-ical/recurrence.go:192.2,192.18 1 1
github.com/arran4/golang-ical/recurrence.go:196.42,201.23 3 1
github.com/arran4/golang-ical/recurrence.go:201.23,202.22 1 1
github.com/arran4/golang-ical/recurrence.go:202.22,204.4 1 1
github.com/arran4/golang-ical/recurrence.go:204.9,206.4 1 1
github.com/arran4/golang-ical/recurrence.go:208.2,208.18 1 1
github.com/arran4/golang-ical/recurrence.go:208.18,210.3 1 1
github.com/arran4/golang-ical/recurrence.go:211.2,211.40 1 1
github.com/arran4/golang-ical/recurrence.go:211.40,213.3 1 1
github.com/arran4/golang-ical/recurrence.go:214.2,214.25 1 1
github.com/arran4/golang-ical/recurrence.go:214.25,216.3 1 0
github.com/arran4/golang-ical/recurrence.go:217.2,217.25 1 1
github.com/arran4/golang-ical/recurrence.go:217.25,219.3 1 0
github.com/arran4/golang-ical/recurrence.go:220.2,220.23 1 1
github.com/arran4/golang-ical/recurrence.go:220.23,222.3 1 0
github.com/arran4/golang-ical/recurrence.go:223.2,223.22 1 1
github.com/arran4/golang-ical/recurrence.go:223.22,225.30 2 1
github.com/arran4/golang-ical/recurrence.go:225.30,227.4 1 1
github.com/arran4/golang-ical/recurrence.go:228.3,228.58 1 1
github.com/arran4/golang-ical/recurrence.go:230.2,230.27 1 1
github.com/arran4/golang-ical/recurrence.go:230.27,232.3 1 0
github.com/arran4/golang-ical/recurrence.go:233.2,233.26 1 1
github.com/arran4/golang-ical/recurrence.go:233.26,235.3 1 0
github.com/arran4/golang-ical/recurrence.go:236.2,236.25 1 1
github.com/arran4/golang-ical/recurrence.go:236.25,238.3 1 0
github.com/arran4/golang-ical/recurrence.go:239.2,239.24 1 1
github.com/arran4/golang-ical/recurrence.go:239.24,241.3 1 1
github.com/arran4/golang-ical/recurrence.go:242.2,242.25 1 1
github.com/arran4/golang-ical/recurrence.go:242.25,244.3 1 0
github.com/arran4/golang-ical/recurrence.go:245.2,245.18 1 1
github.com/arran4/golang-ical/recurrence.go:245.18,247.3 1 1
github.com/arran4/golang-ical/recurrence.go:249.2,249.33 1 1
github.com/arran4/golang-ical/recurrence.go:252.41,253.11 1 1
github.com/arran4/golang-ical/recurrence.go:255.70,256.14 1 1
github.com/arran4/golang-ical/recurrence.go:258.2,258.14 1 1
github.com/arran4/golang-ical/recurrence.go:261.61,263.65 1 1
github.com/arran4/golang-ical/recurrence.go:263.65,265.3 1 1
github.com/arran4/golang-ical/recurrence.go:267.2,267.60 1 1
github.com/arran4/golang-ical/recurrence.go:267.60,269.3 1 0
github.com/arran4/golang-ical/recurrence.go:271.2,271.62 1 1
github.com/arran4/golang-ical/recurrence.go:271.62,273.3 1 1
github.com/arran4/golang-ical/recurrence.go:275.2,275.67 1 0
github.com/arran4/golang-ical/recurrence.go:275.67,277.3 1 0
github.com/arran4/golang-ical/recurrence.go:278.2,278.66 1 0
github.com/arran4/golang-ical/recurrence.go:281.44,284.26 3 1
github.com/arran4/golang-ical/recurrence.go:284.26,286.17 2 1
github.com/arran4/golang-ical/recurrence.go:286.17,288.4 1 0
github.com/arran4/golang-ical/recurrence.go:289.3,289.29 1 1
github.com/arran4/golang-ical/recurrence.go:291.2,291.20 1 1
github.com/arran4/golang-ical/recurrence.go:294.58,297.26 3 1
github.com/arran4/golang-ical/recurrence.go:297.26,300.17 3 1
github.com/arran4/golang-ical/recurrence.go:300.17,302.4 1 1
github.com/arran4/golang-ical/recurrence.go:303.3,303.31 1 1
github.com/arran4/golang-ical/recurrence.go:305.2,305.20 1 1
github.com/arran4/golang-ical/recurrence.go:308.52,309.16 1 1
github.com/arran4/golang-ical/recurrence.go:309.16,311.3 1 0
github.com/arran4/golang-ical/recurrence.go:313.2,314.25 2 1
github.com/arran4/golang-ical/recurrence.go:314.25,316.3 1 1
github.com/arran4/golang-ical/recurrence.go:318.2,319.18 2 1
github.com/arran4/golang-ical/recurrence.go:319.18,321.3 1 1
github.com/arran4/golang-ical/recurrence.go:323.2,324.16 2 1
github.com/arran4/golang-ical/recurrence.go:324.16,326.3 1 0
github.com/arran4/golang-ical/recurrence.go:328.2,328.48 1 1
github.com/arran4/golang-ical/recurrence.go:331.39,333.25 2 1
github.com/arran4/golang-ical/recurrence.go:333.25,335.3 1 1
github.com/arran4/golang-ical/recurrence.go:336.2,336.32 1 1
github.com/arran4/golang-ical/timezones.go:157.46,159.43 2 1
github.com/arran4/golang-ical/timezones.go:159.43,160.36 1 1
github.com/arran4/golang-ical/timezones.go:160.36,162.4 1 1
github.com/arran4/golang-ical/timezones.go:164.2,164.10 1 1
github.com/arran4/golang-ical/timezones.go:168.56,170.9 2 1
github.com/arran4/golang-ical/timezones.go:170.9,172.3 1 0
github.com/arran4/golang-ical/timezones.go:173.2,174.16 2 1
github.com/arran4/golang-ical/timezones.go:174.16,176.3 1 0
github.com/arran4/golang-ical/timezones.go:177.2,177.12 1 1
github.com/arran4/golang-ical/timezones.go:181.63,182.16 1 1
github.com/arran4/golang-ical/timezones.go:182.16,184.3 1 0
github.com/arran4/golang-ical/timezones.go:185.2,186.20 2 1
github.com/arran4/golang-ical/timezones.go:191.71,193.25 2 1
github.com/arran4/golang-ical/timezones.go:193.25,194.16 1 1
github.com/arran4/golang-ical/timezones.go:194.16,196.4 1 1
github.com/arran4/golang-ical/timezones.go:197.3,197.26 1 1
github.com/arran4/golang-ical/timezones.go:198.23,199.41 1 1
github.com/arran4/golang-ical/timezones.go:199.41,202.5 2 1
github.com/arran4/golang-ical/timezones.go:203.36,204.41 1 1
github.com/arran4/golang-ical/timezones.go:204.41,207.5 2 1
github.com/arran4/golang-ical/timezones.go:208.11,209.63 1 0
github.com/arran4/golang-ical/timezones.go:212.2,212.21 1 1
github.com/arran4/golang-ical/timezones.go:212.21,214.3 1 1
github.com/arran4/golang-ical/timezones.go:215.2,215.32 1 1
github.com/arran4/golang-ical/cmd/issues/test97_1/main.go:9.13,34.2 21 0
